main.c:118:5:main	24	static,ignoring_inline_asm
main.c:220:6:SystemClock_Config	120	static
main.c:278:6:PeriphCommonClock_Config	192	static
main.c:305:13:MX_CRC_Init	8	static
main.c:336:13:MX_DMA2D_Init	8	static
main.c:376:13:MX_I2C4_Init	8	static
main.c:422:13:MX_LTDC_Init	64	static
main.c:484:13:MX_OCTOSPI1_Init	32	static
main.c:538:13:MX_OCTOSPI2_Init	48	static
main.c:601:13:MX_SPI2_Init	8	static
main.c:649:13:MX_SPI3_Init	8	static
main.c:697:13:MX_UART7_Init	8	static
main.c:745:13:MX_USART1_UART_Init	8	static
main.c:793:13:MX_USART3_UART_Init	8	static
main.c:841:13:MX_GPIO_Init	64	static
main.c:951:1:__io_putchar	16	static
main.c:959:6:HAL_UART_RxCpltCallback	16	static
main.c:973:6:StartDefaultTask	16	static
main.c:988:6:MPU_Config	24	static
main.c:1031:6:HAL_TIM_PeriodElapsedCallback	16	static
main.c:1048:6:Error_Handler	4	static,ignoring_inline_asm
